[2026-07-11 00:57:09] laravel.EMERGENCY: Unable to create configured logger. Using emergency logger. {"exception":"[object] (InvalidArgumentException(code: 0): Log [] is not defined. at C:/Users/errol/OneDrive/Documents/InventoryTracking/vendor/laravel/framework/src/Illuminate/Log/LogManager.php:212)
[stacktrace]
#0 C:/Users/errol/OneDrive/Documents/InventoryTracking/vendor/laravel/framework/src/Illuminate/Log/LogManager.php(137): Illuminate/Log/LogManager->resolve(NULL, NULL)
#1 C:/Users/errol/OneDrive/Documents/InventoryTracking/vendor/laravel/framework/src/Illuminate/Log/LogManager.php(124): Illuminate/Log/LogManager->get(NULL)
#2 C:/Users/errol/OneDrive/Documents/InventoryTracking/vendor/laravel/framework/src/Illuminate/Log/LogManager.php(681): Illuminate/Log/LogManager->driver()
#3 C:/Users/errol/OneDrive/Documents/InventoryTracking/vendor/laravel/framework/src/Illuminate/Foundation/Exceptions/Handler.php(317): Illuminate/Log/LogManager->error('The \"\" director...', Array)
#4 C:/Users/errol/OneDrive/Documents/InventoryTracking/vendor/laravel/framework/src/Illuminate/Foundation/Exceptions/Handler.php(278): Illuminate/Foundation/Exceptions/Handler->reportThrowable(Object(Symfony/Component/Finder/Exception/DirectoryNotFoundException))
#5 C:/Users/errol/OneDrive/Documents/InventoryTracking/vendor/laravel/framework/src/Illuminate/Foundation/Console/Kernel.php(523): Illuminate/Foundation/Exceptions/Handler->report(Object(Symfony/Component/Finder/Exception/DirectoryNotFoundException))
#6 C:/Users/errol/OneDrive/Documents/InventoryTracking/vendor/laravel/framework/src/Illuminate/Foundation/Console/Kernel.php(203): Illuminate/Foundation/Console/Kernel->reportException(Object(Symfony/Component/Finder/Exception/DirectoryNotFoundException))
#7 C:/Users/errol/OneDrive/Documents/InventoryTracking/artisan(6): Illuminate/Foundation/Console/Kernel->handle(Object(Symfony/Component/Console/Input/ArgvInput), Object(Symfony/Component/Console/Output/ConsoleOutput))
#8 {main}
"} 
[2026-07-11 00:57:09] laravel.ERROR: The "" directory does not exist. {"exception":"[object] (Symfony\\Component\\Finder\\Exception\\DirectoryNotFoundException(code: 0): The \"\" directory does not exist. at C:/Users/errol/OneDrive/Documents/InventoryTracking/vendor/symfony/finder/Finder.php:651)
[stacktrace]
#0 C:/Users/errol/OneDrive/Documents/InventoryTracking/vendor/laravel/framework/src/Illuminate/Foundation/Bootstrap/LoadConfiguration.php(86): Symfony/Component/Finder/Finder->in('')
#1 C:/Users/errol/OneDrive/Documents/InventoryTracking/vendor/laravel/framework/src/Illuminate/Foundation/Bootstrap/LoadConfiguration.php(63): Illuminate/Foundation/Bootstrap/LoadConfiguration->getConfigurationFiles(Object(Illuminate/Foundation/Application))
#2 C:/Users/errol/OneDrive/Documents/InventoryTracking/vendor/laravel/framework/src/Illuminate/Foundation/Bootstrap/LoadConfiguration.php(39): Illuminate/Foundation/Bootstrap/LoadConfiguration->loadConfigurationFiles(Object(Illuminate/Foundation/Application), Object(Illuminate/Config/Repository))
#3 C:/Users/errol/OneDrive/Documents/InventoryTracking/vendor/laravel/framework/src/Illuminate/Foundation/Application.php(286): Illuminate/Foundation/Bootstrap/LoadConfiguration->bootstrap(Object(Illuminate/Foundation/Application))
#4 C:/Users/errol/OneDrive/Documents/InventoryTracking/vendor/laravel/framework/src/Illuminate/Foundation/Console/Kernel.php(447): Illuminate/Foundation/Application->bootstrapWith(Array)
#5 C:/Users/errol/OneDrive/Documents/InventoryTracking/vendor/laravel/framework/src/Illuminate/Foundation/Console/Kernel.php(199): Illuminate/Foundation/Console/Kernel->bootstrap()
#6 C:/Users/errol/OneDrive/Documents/InventoryTracking/artisan(6): Illuminate/Foundation/Console/Kernel->handle(Object(Symfony/Component/Console/Input/ArgvInput), Object(Symfony/Component/Console/Output/ConsoleOutput))
#7 {main}
"} 
[2026-07-11 00:59:43] laravel.EMERGENCY: Unable to create configured logger. Using emergency logger. {"exception":"[object] (InvalidArgumentException(code: 0): Log [] is not defined. at C:/Users/errol/OneDrive/Documents/InventoryTracking/vendor/laravel/framework/src/Illuminate/Log/LogManager.php:212)
[stacktrace]
#0 C:/Users/errol/OneDrive/Documents/InventoryTracking/vendor/laravel/framework/src/Illuminate/Log/LogManager.php(137): Illuminate/Log/LogManager->resolve(NULL, NULL)
#1 C:/Users/errol/OneDrive/Documents/InventoryTracking/vendor/laravel/framework/src/Illuminate/Log/LogManager.php(124): Illuminate/Log/LogManager->get(NULL)
#2 C:/Users/errol/OneDrive/Documents/InventoryTracking/vendor/laravel/framework/src/Illuminate/Log/LogManager.php(681): Illuminate/Log/LogManager->driver()
#3 C:/Users/errol/OneDrive/Documents/InventoryTracking/vendor/laravel/framework/src/Illuminate/Foundation/Exceptions/Handler.php(317): Illuminate/Log/LogManager->error('The \"\" director...', Array)
#4 C:/Users/errol/OneDrive/Documents/InventoryTracking/vendor/laravel/framework/src/Illuminate/Foundation/Exceptions/Handler.php(278): Illuminate/Foundation/Exceptions/Handler->reportThrowable(Object(Symfony/Component/Finder/Exception/DirectoryNotFoundException))
#5 C:/Users/errol/OneDrive/Documents/InventoryTracking/vendor/laravel/framework/src/Illuminate/Foundation/Console/Kernel.php(523): Illuminate/Foundation/Exceptions/Handler->report(Object(Symfony/Component/Finder/Exception/DirectoryNotFoundException))
#6 C:/Users/errol/OneDrive/Documents/InventoryTracking/vendor/laravel/framework/src/Illuminate/Foundation/Console/Kernel.php(203): Illuminate/Foundation/Console/Kernel->reportException(Object(Symfony/Component/Finder/Exception/DirectoryNotFoundException))
#7 C:/Users/errol/OneDrive/Documents/InventoryTracking/artisan(6): Illuminate/Foundation/Console/Kernel->handle(Object(Symfony/Component/Console/Input/ArgvInput), Object(Symfony/Component/Console/Output/ConsoleOutput))
#8 {main}
"} 
[2026-07-11 00:59:43] laravel.ERROR: The "" directory does not exist. {"exception":"[object] (Symfony\\Component\\Finder\\Exception\\DirectoryNotFoundException(code: 0): The \"\" directory does not exist. at C:/Users/errol/OneDrive/Documents/InventoryTracking/vendor/symfony/finder/Finder.php:651)
[stacktrace]
#0 C:/Users/errol/OneDrive/Documents/InventoryTracking/vendor/laravel/framework/src/Illuminate/Foundation/Bootstrap/LoadConfiguration.php(86): Symfony/Component/Finder/Finder->in('')
#1 C:/Users/errol/OneDrive/Documents/InventoryTracking/vendor/laravel/framework/src/Illuminate/Foundation/Bootstrap/LoadConfiguration.php(63): Illuminate/Foundation/Bootstrap/LoadConfiguration->getConfigurationFiles(Object(Illuminate/Foundation/Application))
#2 C:/Users/errol/OneDrive/Documents/InventoryTracking/vendor/laravel/framework/src/Illuminate/Foundation/Bootstrap/LoadConfiguration.php(39): Illuminate/Foundation/Bootstrap/LoadConfiguration->loadConfigurationFiles(Object(Illuminate/Foundation/Application), Object(Illuminate/Config/Repository))
#3 C:/Users/errol/OneDrive/Documents/InventoryTracking/vendor/laravel/framework/src/Illuminate/Foundation/Application.php(286): Illuminate/Foundation/Bootstrap/LoadConfiguration->bootstrap(Object(Illuminate/Foundation/Application))
#4 C:/Users/errol/OneDrive/Documents/InventoryTracking/vendor/laravel/framework/src/Illuminate/Foundation/Console/Kernel.php(447): Illuminate/Foundation/Application->bootstrapWith(Array)
#5 C:/Users/errol/OneDrive/Documents/InventoryTracking/vendor/laravel/framework/src/Illuminate/Foundation/Console/Kernel.php(199): Illuminate/Foundation/Console/Kernel->bootstrap()
#6 C:/Users/errol/OneDrive/Documents/InventoryTracking/artisan(6): Illuminate/Foundation/Console/Kernel->handle(Object(Symfony/Component/Console/Input/ArgvInput), Object(Symfony/Component/Console/Output/ConsoleOutput))
#7 {main}
"} 
[2026-07-11 01:00:00] laravel.EMERGENCY: Unable to create configured logger. Using emergency logger. {"exception":"[object] (InvalidArgumentException(code: 0): Log [] is not defined. at C:/Users/errol/OneDrive/Documents/InventoryTracking/vendor/laravel/framework/src/Illuminate/Log/LogManager.php:212)
[stacktrace]
#0 C:/Users/errol/OneDrive/Documents/InventoryTracking/vendor/laravel/framework/src/Illuminate/Log/LogManager.php(137): Illuminate/Log/LogManager->resolve(NULL, NULL)
#1 C:/Users/errol/OneDrive/Documents/InventoryTracking/vendor/laravel/framework/src/Illuminate/Log/LogManager.php(124): Illuminate/Log/LogManager->get(NULL)
#2 C:/Users/errol/OneDrive/Documents/InventoryTracking/vendor/laravel/framework/src/Illuminate/Log/LogManager.php(681): Illuminate/Log/LogManager->driver()
#3 C:/Users/errol/OneDrive/Documents/InventoryTracking/vendor/laravel/framework/src/Illuminate/Foundation/Exceptions/Handler.php(317): Illuminate/Log/LogManager->error('The \"\" director...', Array)
#4 C:/Users/errol/OneDrive/Documents/InventoryTracking/vendor/laravel/framework/src/Illuminate/Foundation/Exceptions/Handler.php(278): Illuminate/Foundation/Exceptions/Handler->reportThrowable(Object(Symfony/Component/Finder/Exception/DirectoryNotFoundException))
#5 C:/Users/errol/OneDrive/Documents/InventoryTracking/vendor/laravel/framework/src/Illuminate/Foundation/Console/Kernel.php(523): Illuminate/Foundation/Exceptions/Handler->report(Object(Symfony/Component/Finder/Exception/DirectoryNotFoundException))
#6 C:/Users/errol/OneDrive/Documents/InventoryTracking/vendor/laravel/framework/src/Illuminate/Foundation/Console/Kernel.php(203): Illuminate/Foundation/Console/Kernel->reportException(Object(Symfony/Component/Finder/Exception/DirectoryNotFoundException))
#7 C:/Users/errol/OneDrive/Documents/InventoryTracking/artisan(6): Illuminate/Foundation/Console/Kernel->handle(Object(Symfony/Component/Console/Input/ArgvInput), Object(Symfony/Component/Console/Output/ConsoleOutput))
#8 {main}
"} 
[2026-07-11 01:00:00] laravel.ERROR: The "" directory does not exist. {"exception":"[object] (Symfony\\Component\\Finder\\Exception\\DirectoryNotFoundException(code: 0): The \"\" directory does not exist. at C:/Users/errol/OneDrive/Documents/InventoryTracking/vendor/symfony/finder/Finder.php:651)
[stacktrace]
#0 C:/Users/errol/OneDrive/Documents/InventoryTracking/vendor/laravel/framework/src/Illuminate/Foundation/Bootstrap/LoadConfiguration.php(86): Symfony/Component/Finder/Finder->in('')
#1 C:/Users/errol/OneDrive/Documents/InventoryTracking/vendor/laravel/framework/src/Illuminate/Foundation/Bootstrap/LoadConfiguration.php(63): Illuminate/Foundation/Bootstrap/LoadConfiguration->getConfigurationFiles(Object(Illuminate/Foundation/Application))
#2 C:/Users/errol/OneDrive/Documents/InventoryTracking/vendor/laravel/framework/src/Illuminate/Foundation/Bootstrap/LoadConfiguration.php(39): Illuminate/Foundation/Bootstrap/LoadConfiguration->loadConfigurationFiles(Object(Illuminate/Foundation/Application), Object(Illuminate/Config/Repository))
#3 C:/Users/errol/OneDrive/Documents/InventoryTracking/vendor/laravel/framework/src/Illuminate/Foundation/Application.php(286): Illuminate/Foundation/Bootstrap/LoadConfiguration->bootstrap(Object(Illuminate/Foundation/Application))
#4 C:/Users/errol/OneDrive/Documents/InventoryTracking/vendor/laravel/framework/src/Illuminate/Foundation/Console/Kernel.php(447): Illuminate/Foundation/Application->bootstrapWith(Array)
#5 C:/Users/errol/OneDrive/Documents/InventoryTracking/vendor/laravel/framework/src/Illuminate/Foundation/Console/Kernel.php(199): Illuminate/Foundation/Console/Kernel->bootstrap()
#6 C:/Users/errol/OneDrive/Documents/InventoryTracking/artisan(6): Illuminate/Foundation/Console/Kernel->handle(Object(Symfony/Component/Console/Input/ArgvInput), Object(Symfony/Component/Console/Output/ConsoleOutput))
#7 {main}
"} 
